// Jest Snapshot v1, https://goo.gl/fbAQLP

exports[`renders correctly 1`] = `
<div
  className="container border"
  id="container_virtual_table"
  onScroll={[Function]}
  style={Object {}}
/>
`;
